
> docuhub@0.1.0 build
> next build

node.exe : ΓÜá Warning: Next.js 
inferred your workspace root, but 
it may not be correct.
At line:1 char:1
+ & "C:\Program 
Files\nodejs/node.exe" "C:\Program 
Files\nodejs/node_mo ...
+ ~~~~~~~~~~~~~~~~~~~~~~~~~~~~~~~~~
~~~~~~~~~~~~~~~~~~~~~~~~~~~~~~~~~~~
~
    + CategoryInfo          : NotS 
   pecified: (ΓÜá Warning: Ne...n  
  ot be correct.:String) [], Rem   
 oteException
    + FullyQualifiedErrorId : Nati 
   veCommandError
 
 We detected multiple lockfiles 
and selected the directory of 
C:\Users\Lenovo\package-lock.json 
as the root directory.
 To silence this warning, set 
`turbopack.root` in your Next.js 
config, or consider removing one 
of the lockfiles if it's not 
needed.
   See https://nextjs.org/docs/app/
api-reference/config/next-config-js
/turbopack#root-directory for more 
information.
 Detected additional lockfiles: 
   * C:\Users\Lenovo\OneDrive\Deskt
op\OSS contribution 
projects\DocuHub\pnpm-lock.yaml

Γû▓ Next.js 16.1.6 (Turbopack)

  Creating an optimized production build ...
Γ£ô Compiled successfully in 9.3s
  Running TypeScript ...
Failed to compile.

./app/layout.tsx:6:20
Type error: Cannot find module 
'@/components/Navbar' or its 
corresponding type declarations.

[0m [90m 4 |[39m 
[36mimport[39m { 
[33mHeader[39m } [36mfrom[39m 
[32m"@/components/Header"[39m[33m
;[39m
 [90m 5 |[39m [36mimport[39m { 
[33mFooter[39m } [36mfrom[39m 
[32m"@/components/Footer"[39m[33m
;[39m
[31m[1m>[22m[39m[90m 6 |[39m 
[36mimport[39m [33mNavbar[39m 
[36mfrom[39m [32m"@/components/N
avbar"[39m[33m;[39m
 [90m   |[39m                    
[31m[1m^[22m[39m
 [90m 7 |[39m [36mimport[39m { 
[33mToaster[39m } [36mfrom[39m 
[32m"sonner"[39m[33m;[39m
 [90m 8 |[39m [36mimport[39m { 
[33mThemeProvider[39m } 
[36mfrom[39m [32m"@/components/T
hemeProvider"[39m[33m;[39m
 [90m 9 |[39m[0m
Next.js build worker exited with 
code: 1 and signal: null
